app/dashboard/create-report/page.tsx(5,20): error TS2307: Cannot find module '@/components/reports/create-report/CreateReportPage.module.css' or its corresponding type declarations.
components/reports/create-report/CreateReportForm.tsx(7,20): error TS2307: Cannot find module './CreateReportPage.module.css' or its corresponding type declarations.
components/reports/create-report/CreateReportHeader.tsx(1,20): error TS2307: Cannot find module './CreateReportPage.module.css' or its corresponding type declarations.
components/reports/create-report/CreateReportNavbar.tsx(6,20): error TS2307: Cannot find module './CreateReportPage.module.css' or its corresponding type declarations.
components/reports/create-report/CreateReportSuccessModal.tsx(5,20): error TS2307: Cannot find module './CreateReportPage.module.css' or its corresponding type declarations.
components/wireframes/explore-detail/ExploreDetailPage.tsx(87,14): error TS2322: Type '{ children: string; jsx: true; global: true; }' is not assignable to type 'DetailedHTMLProps<StyleHTMLAttributes<HTMLStyleElement>, HTMLStyleElement>'.
  Property 'jsx' does not exist on type 'DetailedHTMLProps<StyleHTMLAttributes<HTMLStyleElement>, HTMLStyleElement>'.
components/wireframes/explore/ExplorePage.tsx(114,14): error TS2322: Type '{ children: string; jsx: true; global: true; }' is not assignable to type 'DetailedHTMLProps<StyleHTMLAttributes<HTMLStyleElement>, HTMLStyleElement>'.
  Property 'jsx' does not exist on type 'DetailedHTMLProps<StyleHTMLAttributes<HTMLStyleElement>, HTMLStyleElement>'.
components/wireframes/landing/LandingPage.tsx(4,20): error TS2307: Cannot find module './LandingPage.module.css' or its corresponding type declarations.
components/wireframes/login/LoginPage.tsx(87,14): error TS2322: Type '{ children: string; jsx: true; global: true; }' is not assignable to type 'DetailedHTMLProps<StyleHTMLAttributes<HTMLStyleElement>, HTMLStyleElement>'.
  Property 'jsx' does not exist on type 'DetailedHTMLProps<StyleHTMLAttributes<HTMLStyleElement>, HTMLStyleElement>'.
components/wireframes/register-complete/RegisterCompletePage.tsx(81,14): error TS2322: Type '{ children: string; jsx: true; global: true; }' is not assignable to type 'DetailedHTMLProps<StyleHTMLAttributes<HTMLStyleElement>, HTMLStyleElement>'.
  Property 'jsx' does not exist on type 'DetailedHTMLProps<StyleHTMLAttributes<HTMLStyleElement>, HTMLStyleElement>'.
components/wireframes/register-simple/RegisterSimplePage.tsx(79,14): error TS2322: Type '{ children: string; jsx: true; global: true; }' is not assignable to type 'DetailedHTMLProps<StyleHTMLAttributes<HTMLStyleElement>, HTMLStyleElement>'.
  Property 'jsx' does not exist on type 'DetailedHTMLProps<StyleHTMLAttributes<HTMLStyleElement>, HTMLStyleElement>'.
components/wireframes/register/RegisterPage.tsx(86,14): error TS2322: Type '{ children: string; jsx: true; global: true; }' is not assignable to type 'DetailedHTMLProps<StyleHTMLAttributes<HTMLStyleElement>, HTMLStyleElement>'.
  Property 'jsx' does not exist on type 'DetailedHTMLProps<StyleHTMLAttributes<HTMLStyleElement>, HTMLStyleElement>'.
